#
# There is insufficient memory for the Java Runtime Environment to continue.
# Native memory allocation (mmap) failed to map 17179869184 bytes. Error detail: committing reserved memory.
# Possible reasons:
#   The system is out of physical RAM or swap space
#   This process is running with CompressedOops enabled, and the Java Heap may be blocking the growth of the native heap
# Possible solutions:
#   Reduce memory load on the system
#   Increase physical memory or swap space
#   Check if swap backing store is full
#   Decrease Java heap size (-Xmx/-Xms)
#   Decrease number of Java threads
#   Decrease Java thread stack sizes (-Xss)
#   Set larger code cache with -XX:ReservedCodeCacheSize=
#   JVM is running with Zero Based Compressed Oops mode in which the Java heap is
#     placed in the first 32GB address space. The Java Heap base address is the
#     maximum limit for the native heap growth. Please use -XX:HeapBaseMinAddress
#     to set the Java Heap base and to place the Java Heap above 32GB virtual address.
# This output file may be truncated or incomplete.
#
#  Out of Memory Error (os_linux.cpp:2829), pid=1309, tid=1310
#
# JRE version:  (21.0.7+6) (build )
# Java VM: OpenJDK 64-Bit Server VM (21.0.7+6-LTS, mixed mode, sharing, tiered, compressed oops, compressed class ptrs, g1 gc, linux-amd64)
# Core dump will be written. Default location: /workspace/core
#

---------------  S U M M A R Y ------------

Command Line: --add-modules=ALL-SYSTEM --add-opens=java.base/java.util=ALL-UNNAMED --add-opens=java.base/java.lang=ALL-UNNAMED --add-opens=java.base/sun.nio.fs=ALL-UNNAMED -Declipse.application=org.eclipse.jdt.ls.core.id1 -Dosgi.bundles.defaultStartLevel=4 -Declipse.product=org.eclipse.jdt.ls.core.product -Djava.import.generatesMetadataFilesAtProjectRoot=false -DDetectVMInstallationsJob.disabled=true -Dfile.encoding=utf8 -Xlog:disable -Xmx16G -Xms16G -javaagent:/home/ubuntu/.cursor-server/extensions/redhat.java-1.44.2025071108/lombok/lombok-1.18.39-4050.jar /home/ubuntu/.cursor-server/extensions/redhat.java-1.44.2025071108/server/plugins/org.eclipse.equinox.launcher_1.7.0.v20250519-0528.jar -configuration /home/ubuntu/.cursor-server/data/User/globalStorage/redhat.java/1.44.2025071108/config_ss_linux -data /home/ubuntu/.cursor-server/data/User/workspaceStorage/caa8634fbf1642d298cc5fce6aea0f26/redhat.java/ss_ws --pipe=/tmp/lsp-96fb39e592462f8c2f1f551e182a7331.sock

Host: Intel(R) Xeon(R) Processor, 4 cores, 15G, Ubuntu 25.04
Time: Tue Jul 15 09:50:04 2025 UTC elapsed time: 0.006839 seconds (0d 0h 0m 0s)

---------------  T H R E A D  ---------------

Current thread (0x00007fb72002a6e0):  JavaThread "Unknown thread" [_thread_in_vm, id=1310, stack(0x00007fb726e7c000,0x00007fb726f7c000) (1024K)]

Stack: [0x00007fb726e7c000,0x00007fb726f7c000],  sp=0x00007fb726f7a480,  free space=1017k
Native frames: (J=compiled Java code, j=interpreted, Vv=VM code, C=native code)
V  [libjvm.so+0x1004a18]  VMError::report_and_die(int, char const*, char const*, __va_list_tag*, Thread*, unsigned char*, void*, void*, char const*, int, unsigned long)+0x2b8  (os_linux.cpp:2829)
V  [libjvm.so+0x100547d]
V  [libjvm.so+0x6bb8bf]
V  [libjvm.so+0xd01544]  os::pd_commit_memory_or_exit(char*, unsigned long, unsigned long, bool, char const*)+0xd4
V  [libjvm.so+0xcfa9bd]  os::commit_memory_or_exit(char*, unsigned long, unsigned long, bool, char const*)+0x1d
V  [libjvm.so+0x8152fb]  G1PageBasedVirtualSpace::commit(unsigned long, unsigned long)+0xfb
V  [libjvm.so+0x82b41f]  G1RegionsLargerThanCommitSizeMapper::commit_regions(unsigned int, unsigned long, WorkerThreads*)+0x9f
V  [libjvm.so+0x8bad15]  HeapRegionManager::commit_regions(unsigned int, unsigned long, WorkerThreads*)+0x55
V  [libjvm.so+0x8bc982]  HeapRegionManager::expand(unsigned int, unsigned int, WorkerThreads*)+0x32
V  [libjvm.so+0x8bcbae]  HeapRegionManager::expand_by(unsigned int, WorkerThreads*)+0x7e
V  [libjvm.so+0x7cf7cf]  G1CollectedHeap::expand(unsigned long, WorkerThreads*, double*)+0xff
V  [libjvm.so+0x7cfde4]  G1CollectedHeap::initialize()+0x5c4
V  [libjvm.so+0xfa6d76]  universe_init()+0xd6
V  [libjvm.so+0x8db2d7]  init_globals()+0x37
V  [libjvm.so+0xf86085]  Threads::create_vm(JavaVMInitArgs*, bool*)+0x2b5
V  [libjvm.so+0x9b408f]  JNI_CreateJavaVM+0x4f
C  [libjli.so+0x970b]  JavaMain+0x8b
C  [libjli.so+0xd259]  ThreadJavaMain+0x9
C  [libc.so.6+0xa2ef1]

---------------  P R O C E S S  ---------------

Threads class SMR info:
_java_thread_list=0x00007fb7285e3cc0, length=0, elements={
}

Java Threads: ( => current thread )
Total: 0

Other Threads:
  0x00007fb7200557e0 WorkerThread "GC Thread#0"                     [id=1311, stack(0x00007fb726637000,0x00007fb726737000) (1024K)]
  0x00007fb720066e70 ConcurrentGCThread "G1 Main Marker"            [id=1312, stack(0x00007fb724500000,0x00007fb724600000) (1024K)]
  0x00007fb720067e70 WorkerThread "G1 Conc#0"                       [id=1313, stack(0x00007fb7243ff000,0x00007fb7244ff000) (1024K)]

[error occurred during error reporting (printing all threads), id 0xb, SIGSEGV (0xb) at pc=0x00007fb727860720]
VM state: not at safepoint (not fully initialized)

VM Mutex/Monitor currently owned by a thread:  ([mutex/lock_event])
[0x00007fb7285bdbd0] Heap_lock - owner thread: 0x00007fb72002a6e0

Heap address: 0x0000000400000000, size: 16384 MB, Compressed Oops mode: Zero based, Oop shift amount: 3

CDS archive(s) mapped at: [0x0000000000000000-0x0000000000000000-0x0000000000000000), size 0, SharedBaseAddress: 0x0000000800000000, ArchiveRelocationMode: 1.
Narrow klass base: 0x0000000000000000, Narrow klass shift: 0, Narrow klass range: 0x0

GC Precious Log:
 CardTable entry size: 512
 Card Set container configuration: InlinePtr #cards 4 size 8 Array Of Cards #cards 64 size 144 Howl #buckets 8 coarsen threshold 14745 Howl Bitmap #cards 2048 size 272 coarsen threshold 1843 Card regions per heap region 1 cards per card region 16384

Heap:
 garbage-first heap   total 0K, used 0K [0x0000000400000000, 0x0000000800000000)
  region size 8192K, 0 young (0K), 0 survivors (0K)

[error occurred during error reporting (printing heap information), id 0xb, SIGSEGV (0xb) at pc=0x00007fb727e2459a]
GC Heap History (0 events):
No events

Dll operation events (1 events):
Event: 0.002 Loaded shared library /home/ubuntu/.cursor-server/extensions/redhat.java-1.44.2025071108/jre/21.0.7-linux-x86_64/lib/libjava.so

Deoptimization events (0 events):
No events

Classes loaded (0 events):
No events

Classes unloaded (0 events):
No events

Classes redefined (0 events):
No events

Internal exceptions (0 events):
No events

ZGC Phase Switch (0 events):
No events

VM Operations (0 events):
No events

Memory protections (1 events):
Event: 0.002 Protecting memory [0x00007fb726e7c000,0x00007fb726e80000] with protection modes 0

Nmethod flushes (0 events):
No events

Events (0 events):
No events


Dynamic libraries:
400000000-800000000 ---p 00000000 00:00 0 
5629bbe2a000-5629bbe2b000 r-xp 00000000 00:36 787330                     /home/ubuntu/.cursor-server/extensions/redhat.java-1.44.2025071108/jre/21.0.7-linux-x86_64/bin/java
5629bbe2c000-5629bbe2d000 r--p 00001000 00:36 787330                     /home/ubuntu/.cursor-server/extensions/redhat.java-1.44.2025071108/jre/21.0.7-linux-x86_64/bin/java
5629bbe2d000-5629bbe2e000 rw-p 00002000 00:36 787330                     /home/ubuntu/.cursor-server/extensions/redhat.java-1.44.2025071108/jre/21.0.7-linux-x86_64/bin/java
5629e00f7000-5629e013e000 rw-p 00000000 00:00 0                          [heap]
7fb6ec000000-7fb6ec021000 rw-p 00000000 00:00 0 
7fb6ec021000-7fb6f0000000 ---p 00000000 00:00 0 
7fb6f0000000-7fb6f0021000 rw-p 00000000 00:00 0 
7fb6f0021000-7fb6f4000000 ---p 00000000 00:00 0 
7fb6f4000000-7fb6f4021000 rw-p 00000000 00:00 0 
7fb6f4021000-7fb6f8000000 ---p 00000000 00:00 0 
7fb6f9896000-7fb6fbe00000 rw-p 00000000 00:00 0 
7fb6fbe00000-7fb70de00000 ---p 00000000 00:00 0 
7fb70de00000-7fb70e070000 rwxp 00000000 00:00 0 
7fb70e070000-7fb715337000 ---p 00000000 00:00 0 
7fb715337000-7fb7155a7000 rwxp 00000000 00:00 0 
7fb7155a7000-7fb7158c8000 ---p 00000000 00:00 0 
7fb7158c8000-7fb715b38000 rwxp 00000000 00:00 0 
7fb715b38000-7fb71ce00000 ---p 00000000 00:00 0 
7fb71ce32000-7fb720000000 r--s 00000000 00:36 787733                     /home/ubuntu/.cursor-server/extensions/redhat.java-1.44.2025071108/jre/21.0.7-linux-x86_64/lib/modules
7fb720000000-7fb7200a3000 rw-p 00000000 00:00 0 
7fb7200a3000-7fb724000000 ---p 00000000 00:00 0 
7fb7240fb000-7fb7243fe000 rw-p 00000000 00:00 0 
7fb7243fe000-7fb7243ff000 ---p 00000000 00:00 0 
7fb7243ff000-7fb7244ff000 rw-p 00000000 00:00 0 
7fb7244ff000-7fb724500000 ---p 00000000 00:00 0 
7fb724500000-7fb724600000 rw-p 00000000 00:00 0 
7fb724600000-7fb726600000 ---p 00000000 00:00 0 
7fb726636000-7fb726637000 ---p 00000000 00:00 0 
7fb726637000-7fb726737000 rw-p 00000000 00:00 0 
7fb726737000-7fb726c47000 rw-p 00000000 00:00 0 
7fb726c47000-7fb726d2d000 ---p 00000000 00:00 0 
7fb726d2d000-7fb726d32000 rw-p 00000000 00:00 0 
7fb726d32000-7fb726e18000 ---p 00000000 00:00 0 
7fb726e18000-7fb726e1d000 rw-p 00000000 00:00 0 
7fb726e1d000-7fb726e24000 ---p 00000000 00:00 0 
7fb726e24000-7fb726e2c000 rw-s 00000000 00:36 810264                     /tmp/hsperfdata_ubuntu/1309
7fb726e2c000-7fb726e4c000 r-xp 00000000 00:36 787709                     /home/ubuntu/.cursor-server/extensions/redhat.java-1.44.2025071108/jre/21.0.7-linux-x86_64/lib/libjava.so
7fb726e4c000-7fb726e4d000 ---p 00020000 00:36 787709                     /home/ubuntu/.cursor-server/extensions/redhat.java-1.44.2025071108/jre/21.0.7-linux-x86_64/lib/libjava.so
7fb726e4d000-7fb726e4e000 r--p 00020000 00:36 787709                     /home/ubuntu/.cursor-server/extensions/redhat.java-1.44.2025071108/jre/21.0.7-linux-x86_64/lib/libjava.so
7fb726e4e000-7fb726e4f000 rw-p 00021000 00:36 787709                     /home/ubuntu/.cursor-server/extensions/redhat.java-1.44.2025071108/jre/21.0.7-linux-x86_64/lib/libjava.so
7fb726e4f000-7fb726e50000 rw-p 00000000 00:00 0 
7fb726e50000-7fb726e5a000 r-xp 00000000 00:36 787704                     /home/ubuntu/.cursor-server/extensions/redhat.java-1.44.2025071108/jre/21.0.7-linux-x86_64/lib/libinstrument.so
7fb726e5a000-7fb726e5b000 ---p 0000a000 00:36 787704                     /home/ubuntu/.cursor-server/extensions/redhat.java-1.44.2025071108/jre/21.0.7-linux-x86_64/lib/libinstrument.so
7fb726e5b000-7fb726e5c000 r--p 0000a000 00:36 787704                     /home/ubuntu/.cursor-server/extensions/redhat.java-1.44.2025071108/jre/21.0.7-linux-x86_64/lib/libinstrument.so
7fb726e5c000-7fb726e5d000 rw-p 0000b000 00:36 787704                     /home/ubuntu/.cursor-server/extensions/redhat.java-1.44.2025071108/jre/21.0.7-linux-x86_64/lib/libinstrument.so
7fb726e5d000-7fb726e78000 r-xp 00000000 00:36 787713                     /home/ubuntu/.cursor-server/extensions/redhat.java-1.44.2025071108/jre/21.0.7-linux-x86_64/lib/libjimage.so
7fb726e78000-7fb726e79000 ---p 0001b000 00:36 787713                     /home/ubuntu/.cursor-server/extensions/redhat.java-1.44.2025071108/jre/21.0.7-linux-x86_64/lib/libjimage.so
7fb726e79000-7fb726e7b000 r--p 0001b000 00:36 787713                     /home/ubuntu/.cursor-server/extensions/redhat.java-1.44.2025071108/jre/21.0.7-linux-x86_64/lib/libjimage.so
7fb726e7b000-7fb726e7c000 rw-p 0001d000 00:36 787713                     /home/ubuntu/.cursor-server/extensions/redhat.java-1.44.2025071108/jre/21.0.7-linux-x86_64/lib/libjimage.so
7fb726e7c000-7fb726e80000 ---p 00000000 00:00 0 
7fb726e80000-7fb726f7c000 rw-p 00000000 00:00 0 
7fb726f7c000-7fb726f8d000 r--p 00000000 00:36 2191                       /usr/lib/x86_64-linux-gnu/libm.so.6
7fb726f8d000-7fb727013000 r-xp 00011000 00:36 2191                       /usr/lib/x86_64-linux-gnu/libm.so.6
7fb727013000-7fb727071000 r--p 00097000 00:36 2191                       /usr/lib/x86_64-linux-gnu/libm.so.6
7fb727071000-7fb727072000 r--p 000f5000 00:36 2191                       /usr/lib/x86_64-linux-gnu/libm.so.6
7fb727072000-7fb727073000 rw-p 000f6000 00:36 2191                       /usr/lib/x86_64-linux-gnu/libm.so.6
7fb727073000-7fb727074000 r--p 00000000 00:36 2226                       /usr/lib/x86_64-linux-gnu/librt.so.1
7fb727074000-7fb727075000 r-xp 00001000 00:36 2226                       /usr/lib/x86_64-linux-gnu/librt.so.1
7fb727075000-7fb727076000 r--p 00002000 00:36 2226                       /usr/lib/x86_64-linux-gnu/librt.so.1
7fb727076000-7fb727077000 r--p 00002000 00:36 2226                       /usr/lib/x86_64-linux-gnu/librt.so.1
7fb727077000-7fb727078000 rw-p 00003000 00:36 2226                       /usr/lib/x86_64-linux-gnu/librt.so.1
7fb727078000-7fb728487000 r-xp 00000000 00:36 787745                     /home/ubuntu/.cursor-server/extensions/redhat.java-1.44.2025071108/jre/21.0.7-linux-x86_64/lib/server/libjvm.so
7fb728487000-7fb728488000 ---p 0140f000 00:36 787745                     /home/ubuntu/.cursor-server/extensions/redhat.java-1.44.2025071108/jre/21.0.7-linux-x86_64/lib/server/libjvm.so
7fb728488000-7fb72855c000 r--p 0140f000 00:36 787745                     /home/ubuntu/.cursor-server/extensions/redhat.java-1.44.2025071108/jre/21.0.7-linux-x86_64/lib/server/libjvm.so
7fb72855c000-7fb72858c000 rw-p 014e3000 00:36 787745                     /home/ubuntu/.cursor-server/extensions/redhat.java-1.44.2025071108/jre/21.0.7-linux-x86_64/lib/server/libjvm.so
7fb72858c000-7fb7285f4000 rw-p 00000000 00:00 0 
7fb7285f4000-7fb72861c000 r--p 00000000 00:36 2157                       /usr/lib/x86_64-linux-gnu/libc.so.6
7fb72861c000-7fb7287b2000 r-xp 00028000 00:36 2157                       /usr/lib/x86_64-linux-gnu/libc.so.6
7fb7287b2000-7fb728801000 r--p 001be000 00:36 2157                       /usr/lib/x86_64-linux-gnu/libc.so.6
7fb728801000-7fb728805000 r--p 0020c000 00:36 2157                       /usr/lib/x86_64-linux-gnu/libc.so.6
7fb728805000-7fb728807000 rw-p 00210000 00:36 2157                       /usr/lib/x86_64-linux-gnu/libc.so.6
7fb728807000-7fb728814000 rw-p 00000000 00:00 0 
7fb728814000-7fb728815000 r--p 00000000 00:36 2171                       /usr/lib/x86_64-linux-gnu/libdl.so.2
7fb728815000-7fb728816000 r-xp 00001000 00:36 2171                       /usr/lib/x86_64-linux-gnu/libdl.so.2
7fb728816000-7fb728817000 r--p 00002000 00:36 2171                       /usr/lib/x86_64-linux-gnu/libdl.so.2
7fb728817000-7fb728818000 r--p 00002000 00:36 2171                       /usr/lib/x86_64-linux-gnu/libdl.so.2
7fb728818000-7fb728819000 rw-p 00003000 00:36 2171                       /usr/lib/x86_64-linux-gnu/libdl.so.2
7fb728819000-7fb72881a000 r--p 00000000 00:36 2224                       /usr/lib/x86_64-linux-gnu/libpthread.so.0
7fb72881a000-7fb72881b000 r-xp 00001000 00:36 2224                       /usr/lib/x86_64-linux-gnu/libpthread.so.0
7fb72881b000-7fb72881c000 r--p 00002000 00:36 2224                       /usr/lib/x86_64-linux-gnu/libpthread.so.0
7fb72881c000-7fb72881d000 r--p 00002000 00:36 2224                       /usr/lib/x86_64-linux-gnu/libpthread.so.0
7fb72881d000-7fb72881e000 rw-p 00003000 00:36 2224                       /usr/lib/x86_64-linux-gnu/libpthread.so.0
7fb728821000-7fb728822000 ---p 00000000 00:00 0 
7fb728822000-7fb728823000 r--p 00000000 00:00 0 
7fb728823000-7fb728824000 ---p 00000000 00:00 0 
7fb728824000-7fb72883d000 r-xp 00000000 00:36 787714                     /home/ubuntu/.cursor-server/extensions/redhat.java-1.44.2025071108/jre/21.0.7-linux-x86_64/lib/libjli.so
7fb72883d000-7fb72883e000 r--p 00018000 00:36 787714                     /home/ubuntu/.cursor-server/extensions/redhat.java-1.44.2025071108/jre/21.0.7-linux-x86_64/lib/libjli.so
7fb72883e000-7fb72883f000 rw-p 00019000 00:36 787714                     /home/ubuntu/.cursor-server/extensions/redhat.java-1.44.2025071108/jre/21.0.7-linux-x86_64/lib/libjli.so
7fb72883f000-7fb728841000 rw-p 00000000 00:00 0 
7fb728841000-7fb728845000 r--p 00000000 00:00 0                          [vvar]
7fb728845000-7fb728847000 r-xp 00000000 00:00 0                          [vdso]
7fb728847000-7fb728848000 r--p 00000000 00:36 2133                       /usr/lib/x86_64-linux-gnu/ld-linux-x86-64.so.2
7fb728848000-7fb728876000 r-xp 00001000 00:36 2133                       /usr/lib/x86_64-linux-gnu/ld-linux-x86-64.so.2
7fb728876000-7fb728881000 r--p 0002f000 00:36 2133                       /usr/lib/x86_64-linux-gnu/ld-linux-x86-64.so.2
7fb728881000-7fb728883000 r--p 0003a000 00:36 2133                       /usr/lib/x86_64-linux-gnu/ld-linux-x86-64.so.2
7fb728883000-7fb728884000 rw-p 0003c000 00:36 2133                       /usr/lib/x86_64-linux-gnu/ld-linux-x86-64.so.2
7fb728884000-7fb728885000 rw-p 00000000 00:00 0 
7fff57cbb000-7fff57cdc000 rw-p 00000000 00:00 0                          [stack]
ffffffffff600000-ffffffffff601000 --xp 00000000 00:00 0                  [vsyscall]
Total number of mappings: 100


VM Arguments:
jvm_args: --add-modules=ALL-SYSTEM --add-opens=java.base/java.util=ALL-UNNAMED --add-opens=java.base/java.lang=ALL-UNNAMED --add-opens=java.base/sun.nio.fs=ALL-UNNAMED -Declipse.application=org.eclipse.jdt.ls.core.id1 -Dosgi.bundles.defaultStartLevel=4 -Declipse.product=org.eclipse.jdt.ls.core.product -Djava.import.generatesMetadataFilesAtProjectRoot=false -DDetectVMInstallationsJob.disabled=true -Dfile.encoding=utf8 -Xlog:disable -Xmx16G -Xms16G -javaagent:/home/ubuntu/.cursor-server/extensions/redhat.java-1.44.2025071108/lombok/lombok-1.18.39-4050.jar 
java_command: /home/ubuntu/.cursor-server/extensions/redhat.java-1.44.2025071108/server/plugins/org.eclipse.equinox.launcher_1.7.0.v20250519-0528.jar -configuration /home/ubuntu/.cursor-server/data/User/globalStorage/redhat.java/1.44.2025071108/config_ss_linux -data /home/ubuntu/.cursor-server/data/User/workspaceStorage/caa8634fbf1642d298cc5fce6aea0f26/redhat.java/ss_ws --pipe=/tmp/lsp-96fb39e592462f8c2f1f551e182a7331.sock
java_class_path (initial): /home/ubuntu/.cursor-server/extensions/redhat.java-1.44.2025071108/server/plugins/org.eclipse.equinox.launcher_1.7.0.v20250519-0528.jar
Launcher Type: SUN_STANDARD

[Global flags]
     intx CICompilerCount                          = 3                                         {product} {ergonomic}
     uint ConcGCThreads                            = 1                                         {product} {ergonomic}
     uint G1ConcRefinementThreads                  = 4                                         {product} {ergonomic}
   size_t G1HeapRegionSize                         = 8388608                                   {product} {ergonomic}
    uintx GCDrainStackTargetSize                   = 64                                        {product} {ergonomic}
   size_t InitialHeapSize                          = 17179869184                               {product} {command line}
   size_t MarkStackSize                            = 4194304                                   {product} {ergonomic}
   size_t MaxHeapSize                              = 17179869184                               {product} {command line}
   size_t MinHeapDeltaBytes                        = 8388608                                   {product} {ergonomic}
   size_t MinHeapSize                              = 17179869184                               {product} {command line}
    uintx NonNMethodCodeHeapSize                   = 5832780                                {pd product} {ergonomic}
    uintx NonProfiledCodeHeapSize                  = 122912730                              {pd product} {ergonomic}
    uintx ProfiledCodeHeapSize                     = 122912730                              {pd product} {ergonomic}
    uintx ReservedCodeCacheSize                    = 251658240                              {pd product} {ergonomic}
     bool SegmentedCodeCache                       = true                                      {product} {ergonomic}
   size_t SoftMaxHeapSize                          = 17179869184                            {manageable} {ergonomic}
     bool UseCompressedOops                        = true                           {product lp64_product} {ergonomic}
     bool UseG1GC                                  = true                                      {product} {ergonomic}

Logging:
Log output configuration:
 #0: stdout all=off uptime,level,tags foldmultilines=false
 #1: stderr all=off uptime,level,tags foldmultilines=false

Environment Variables:
PATH=/home/ubuntu/.cursor-server/bin/a8e95743c5268be73767c46944a71f4465d05c90/bin/remote-cli:/home/ubuntu/.nvm/versions/node/v22.16.0/bin:/usr/local/sbin:/usr/local/bin:/usr/sbin:/usr/bin:/sbin:/bin
SHELL=/bin/bash
LANG=en_US.UTF-8
LC_ALL=en_US.UTF-8
TERM=xterm-256color

Active Locale:
LC_ALL=C
LC_COLLATE=C
LC_CTYPE=C
LC_MESSAGES=C
LC_MONETARY=C
LC_NUMERIC=C
LC_TIME=C

Signal Handlers:
   SIGSEGV: crash_handler in libjvm.so, mask=11100100010111111101111111111110, flags=SA_RESTART|SA_SIGINFO, unblocked
    SIGBUS: crash_handler in libjvm.so, mask=11100100010111111101111111111110, flags=SA_RESTART|SA_SIGINFO, unblocked
    SIGFPE: crash_handler in libjvm.so, mask=11100100010111111101111111111110, flags=SA_RESTART|SA_SIGINFO, unblocked
   SIGPIPE: javaSignalHandler in libjvm.so, mask=11100100010111111101111111111110, flags=SA_RESTART|SA_SIGINFO, blocked
   SIGXFSZ: javaSignalHandler in libjvm.so, mask=11100100010111111101111111111110, flags=SA_RESTART|SA_SIGINFO, blocked
    SIGILL: crash_handler in libjvm.so, mask=11100100010111111101111111111110, flags=SA_RESTART|SA_SIGINFO, unblocked
   SIGUSR2: SR_handler in libjvm.so, mask=00000000000000000000000000000000, flags=SA_RESTART|SA_SIGINFO, blocked
    SIGHUP: SIG_DFL, mask=00000000000000000000000000000000, flags=none, blocked
    SIGINT: SIG_DFL, mask=00000000000000000000000000000000, flags=none, blocked
   SIGTERM: SIG_DFL, mask=00000000000000000000000000000000, flags=none, blocked
   SIGQUIT: UserHandler in libjvm.so, mask=11100100010111111101111111111110, flags=SA_RESTART|SA_SIGINFO, blocked
   SIGTRAP: crash_handler in libjvm.so, mask=11100100010111111101111111111110, flags=SA_RESTART|SA_SIGINFO, unblocked


Periodic native trim disabled

---------------  S Y S T E M  ---------------

OS:
DISTRIB_ID=Ubuntu
DISTRIB_RELEASE=25.04
DISTRIB_CODENAME=plucky
DISTRIB_DESCRIPTION="Ubuntu 25.04"
uname: Linux 6.12.8+ #11 SMP PREEMPT_DYNAMIC Sun Jul  6 04:56:39 UTC 2025 x86_64
OS uptime: 0 days 0:07 hours
libc: glibc 2.41 NPTL 2.41 
rlimit (soft/hard): STACK 8192k/infinity , CORE infinity/infinity , NPROC infinity/infinity , NOFILE 1048576/1048576 , AS infinity/infinity , CPU infinity/infinity , DATA infinity/infinity , FSIZE infinity/infinity , MEMLOCK 8192k/8192k
load average: 2.23 2.05 1.03

/proc/meminfo:
MemTotal:       16383644 kB
MemFree:         8454948 kB
MemAvailable:   15074964 kB
Buffers:          110872 kB
Cached:          6296076 kB
SwapCached:            0 kB
Active:           315788 kB
Inactive:        6516348 kB
Active(anon):        312 kB
Inactive(anon):   425160 kB
Active(file):     315476 kB
Inactive(file):  6091188 kB
Unevictable:           0 kB
Mlocked:               0 kB
SwapTotal:             0 kB
SwapFree:              0 kB
Zswap:                 0 kB
Zswapped:              0 kB
Dirty:             35000 kB
Writeback:             0 kB
AnonPages:        425172 kB
Mapped:           238952 kB
Shmem:               416 kB
KReclaimable:     550260 kB
Slab:             629600 kB
SReclaimable:     550260 kB
SUnreclaim:        79340 kB
KernelStack:        3540 kB
PageTables:        11476 kB
SecPageTables:         0 kB
NFS_Unstable:          0 kB
Bounce:                0 kB
WritebackTmp:          0 kB
CommitLimit:     8191820 kB
Committed_AS:    1054132 kB
VmallocTotal:   34359738367 kB
VmallocUsed:        7236 kB
VmallocChunk:          0 kB
Percpu:             1696 kB
AnonHugePages:         0 kB
ShmemHugePages:        0 kB
ShmemPmdMapped:        0 kB
FileHugePages:         0 kB
FilePmdMapped:         0 kB
HugePages_Total:       0
HugePages_Free:        0
HugePages_Rsvd:        0
HugePages_Surp:        0
Hugepagesize:       2048 kB
Hugetlb:               0 kB
DirectMap4k:       16384 kB
DirectMap2M:     3129344 kB
DirectMap1G:    13631488 kB

/sys/kernel/mm/transparent_hugepage/enabled: always [madvise] never
/sys/kernel/mm/transparent_hugepage/hpage_pmd_size: 2097152
/sys/kernel/mm/transparent_hugepage/defrag (defrag/compaction efforts parameter): always defer defer+madvise [madvise] never

Process Memory:
Virtual Size: 17742800K (peak: 17742800K)
Resident Set Size: 21496K (peak: 21496K) (anon: 7296K, file: 14200K, shmem: 0K)
Swapped out: 0K
C-Heap outstanding allocations: 14268K, retained: 599K
glibc malloc tunables: (default)

/proc/sys/kernel/threads-max (system-wide limit on the number of threads): 127957
/proc/sys/vm/max_map_count (maximum number of memory map areas a process may have): 65530
/proc/sys/vm/swappiness (control to define how aggressively the kernel swaps out anonymous memory): 60
/proc/sys/kernel/pid_max (system-wide limit on number of process identifiers): 4194304

container (cgroup) information:
container_type: cgroupv1
cpu_cpuset_cpus: 0-3
cpu_memory_nodes: 0
active_processor_count: 4
cpu_quota: 400000
cpu_period: 100000
cpu_shares: no shares
memory_limit_in_bytes: unlimited
memory_and_swap_limit_in_bytes: unlimited
memory_soft_limit_in_bytes: unlimited
memory_usage_in_bytes: 1116940 k
memory_max_usage_in_bytes: 1116940 k
kernel_memory_limit_in_bytes: unlimited
kernel_memory_usage_in_bytes: 67996 k
kernel_memory_max_usage_in_bytes: 68444 k
maximum number of tasks: unlimited
current number of tasks: 68

KVM virtualization detected
Steal ticks since vm start: 0
Steal ticks percentage since vm start:  0.000

CPU: total 4 (initial active 4) (4 cores per cpu, 1 threads per core) family 6 model 207 stepping 2 microcode 0x1, cx8, cmov, fxsr, mmx, 3dnowpref, sse, sse2, sse3, ssse3, sse4.1, sse4.2, popcnt, lzcnt, tsc, tscinvbit, avx, avx2, aes, erms, clmul, bmi1, bmi2, adx, avx512f, avx512dq, avx512cd, avx512bw, avx512vl, sha, fma, vzeroupper, avx512_vpopcntdq, avx512_vpclmulqdq, avx512_vaes, avx512_vnni, clflush, clflushopt, clwb, avx512_vbmi2, avx512_vbmi, hv, serialize, rdtscp, rdpid, fsrm, gfni, avx512_bitalg, f16c, pku, ospke, avx512_ifma
CPU Model and flags from /proc/cpuinfo:
model name	: Intel(R) Xeon(R) Processor
flags		: fpu vme de pse tsc msr pae mce cx8 apic sep mtrr pge mca cmov pat pse36 clflush dts mmx fxsr sse sse2 ss ht syscall nx pdpe1gb rdtscp lm constant_tsc pebs bts rep_good nopl xtopology nonstop_tsc cpuid tsc_known_freq pni pclmulqdq dtes64 ssse3 fma cx16 pcid sse4_1 sse4_2 x2apic movbe popcnt tsc_deadline_timer aes xsave avx f16c rdrand hypervisor lahf_lm abm 3dnowprefetch cpuid_fault ssbd ibrs ibpb stibp ibrs_enhanced fsgsbase tsc_adjust bmi1 avx2 smep bmi2 erms invpcid avx512f avx512dq rdseed adx smap avx512ifma clflushopt clwb avx512cd sha_ni avx512bw avx512vl xsaveopt xsavec xgetbv1 xsaves avx_vnni avx512_bf16 wbnoinvd arat avx512vbmi umip pku ospke avx512_vbmi2 gfni vaes vpclmulqdq avx512_vnni avx512_bitalg avx512_vpopcntdq rdpid bus_lock_detect cldemote movdiri movdir64b fsrm md_clear serialize tsxldtrk amx_bf16 avx512_fp16 amx_tile amx_int8 flush_l1d arch_capabilities

Online cpus: 0-3
Offline cpus: 
BIOS frequency limitation: <Not Available>
Frequency switch latency (ns): <Not Available>
Available cpu frequencies: <Not Available>
Current governor: <Not Available>
Core performance/turbo boost: <Not Available>

Memory: 4k page, physical 16383644k(15074964k free), swap 0k(0k free)
Page Sizes: 4k

vm_info: OpenJDK 64-Bit Server VM (21.0.7+6-LTS) for linux-amd64 JRE (21.0.7+6-LTS), built on 2025-04-15T00:00:00Z by "admin" with gcc 11.3.0

END.
